// Jest Snapshot v1, https://goo.gl/fbAQLP

exports[`Countdown Form matches snapshot 1`] = `
<DocumentFragment>
  <form
    autocomplete="off"
  >
    <div
      class="inputContainer"
    >
      <div
        class="emojiPlaceholder"
      >
        ðŸ’¡
      </div>
      <input
        class="eventNameInput"
        id="eventName"
        name="eventName"
        placeholder="Event name"
        type="text"
        value=""
      />
    </div>
    <input
      id="eventDate"
      name="eventDate"
      placeholder="Event date"
      type="date"
      value=""
    />
    <h4
      class="subtitle"
    >
      How do you want to display the countdown?
    </h4>
    <div
      class="MuiFormGroup-root radioGroup"
      role="radiogroup"
    >
      <label
        class="MuiFormControlLabel-root"
      >
        <span
          aria-disabled="false"
          class="MuiButtonBase-root MuiIconButton-root PrivateSwitchBase-root-1 MuiRadio-root MuiRadio-colorSecondary PrivateSwitchBase-checked-2 Mui-checked MuiIconButton-colorSecondary"
          style="color: rgb(149, 128, 255);"
        >
          <span
            class="MuiIconButton-label"
          >
            <input
              checked=""
              class="PrivateSwitchBase-input-4"
              name="eventFormat"
              type="radio"
              value="days+hours"
            />
            <div
              class="PrivateRadioButtonIcon-root-5 PrivateRadioButtonIcon-checked-7"
            >
              <svg
                aria-hidden="true"
                class="MuiSvgIcon-root"
                focusable="false"
                viewBox="0 0 24 24"
              >
                <path
                  d="M12 2C6.48 2 2 6.48 2 12s4.48 10 10 10 10-4.48 10-10S17.52 2 12 2zm0 18c-4.42 0-8-3.58-8-8s3.58-8 8-8 8 3.58 8 8-3.58 8-8 8z"
                />
              </svg>
              <svg
                aria-hidden="true"
                class="MuiSvgIcon-root PrivateRadioButtonIcon-layer-6"
                focusable="false"
                viewBox="0 0 24 24"
              >
                <path
                  d="M8.465 8.465C9.37 7.56 10.62 7 12 7C14.76 7 17 9.24 17 12C17 13.38 16.44 14.63 15.535 15.535C14.63 16.44 13.38 17 12 17C9.24 17 7 14.76 7 12C7 10.62 7.56 9.37 8.465 8.465Z"
                />
              </svg>
            </div>
          </span>
          <span
            class="MuiTouchRipple-root"
          />
        </span>
        <span
          class="MuiTypography-root MuiFormControlLabel-label MuiTypography-body1"
        >
          Days and Hours
        </span>
      </label>
      <label
        class="MuiFormControlLabel-root"
      >
        <span
          aria-disabled="false"
          class="MuiButtonBase-root MuiIconButton-root PrivateSwitchBase-root-1 MuiRadio-root MuiRadio-colorSecondary MuiIconButton-colorSecondary"
          style="color: rgb(149, 128, 255);"
        >
          <span
            class="MuiIconButton-label"
          >
            <input
              class="PrivateSwitchBase-input-4"
              name="eventFormat"
              type="radio"
              value="days"
            />
            <div
              class="PrivateRadioButtonIcon-root-5"
            >
              <svg
                aria-hidden="true"
                class="MuiSvgIcon-root"
                focusable="false"
                viewBox="0 0 24 24"
              >
                <path
                  d="M12 2C6.48 2 2 6.48 2 12s4.48 10 10 10 10-4.48 10-10S17.52 2 12 2zm0 18c-4.42 0-8-3.58-8-8s3.58-8 8-8 8 3.58 8 8-3.58 8-8 8z"
                />
              </svg>
              <svg
                aria-hidden="true"
                class="MuiSvgIcon-root PrivateRadioButtonIcon-layer-6"
                focusable="false"
                viewBox="0 0 24 24"
              >
                <path
                  d="M8.465 8.465C9.37 7.56 10.62 7 12 7C14.76 7 17 9.24 17 12C17 13.38 16.44 14.63 15.535 15.535C14.63 16.44 13.38 17 12 17C9.24 17 7 14.76 7 12C7 10.62 7.56 9.37 8.465 8.465Z"
                />
              </svg>
            </div>
          </span>
          <span
            class="MuiTouchRipple-root"
          />
        </span>
        <span
          class="MuiTypography-root MuiFormControlLabel-label MuiTypography-body1"
        >
          Days
        </span>
      </label>
    </div>
    <button
      type="submit"
    >
      Submit
    </button>
  </form>
</DocumentFragment>
`;
