// Jest Snapshot v1, https://goo.gl/fbAQLP

exports[`Sidebar matches snapshot - with sidebar closed 1`] = `
<DocumentFragment>
  <div
    class="sidebar"
  >
    <div
      class="sidebarCloseIcon"
      data-testid="close-sidebar"
    >
      <svg
        fill="none"
        height="16"
        stroke="currentColor"
        stroke-linecap="round"
        stroke-linejoin="round"
        stroke-width="2"
        viewBox="0 0 24 24"
        width="16"
        xmlns="http://www.w3.org/2000/svg"
      >
        <line
          x1="18"
          x2="6"
          y1="6"
          y2="18"
        />
        <line
          x1="6"
          x2="18"
          y1="6"
          y2="18"
        />
      </svg>
    </div>
    <div
      class="sidebarInnerContainer"
    />
  </div>
</DocumentFragment>
`;

exports[`Sidebar matches snapshot - with sidebar opened - CountdownFormAddView 1`] = `
<DocumentFragment>
  <div
    class="sidebar isSidebarOpen"
  >
    <div
      class="sidebarCloseIcon"
      data-testid="close-sidebar"
    >
      <svg
        fill="none"
        height="16"
        stroke="currentColor"
        stroke-linecap="round"
        stroke-linejoin="round"
        stroke-width="2"
        viewBox="0 0 24 24"
        width="16"
        xmlns="http://www.w3.org/2000/svg"
      >
        <line
          x1="18"
          x2="6"
          y1="6"
          y2="18"
        />
        <line
          x1="6"
          x2="18"
          y1="6"
          y2="18"
        />
      </svg>
    </div>
    <div
      class="sidebarInnerContainer sidebarInnerContainerOpen"
    >
      <div
        class="backContainer"
        data-testid="go-back"
      >
        <svg
          aria-hidden="true"
          class="MuiSvgIcon-root MuiSvgIcon-fontSizeSmall"
          focusable="false"
          viewBox="0 0 24 24"
        >
          <path
            d="M20 11H7.83l5.59-5.59L12 4l-8 8 8 8 1.41-1.41L7.83 13H20v-2z"
          />
        </svg>
        <span>
          Go Back
        </span>
      </div>
      <h2
        class="title"
      >
        New countdown
      </h2>
      <p
        class="subtitle"
      >
        Add the details for your countdown widget
      </p>
      <form
        autocomplete="off"
      >
        <div
          class="inputContainer"
        >
          <div
            class="emojiPlaceholder"
            data-testid="event-emoji"
          >
            ðŸ’¡
          </div>
          <input
            class="eventNameInput"
            id="eventName"
            name="eventName"
            placeholder="Event name"
            type="text"
            value=""
          />
        </div>
        <input
          id="eventDate"
          name="eventDate"
          placeholder="Event date"
          type="date"
          value=""
        />
        <h4
          class="subtitle"
        >
          How do you want to display the countdown?
        </h4>
        <div
          class="MuiFormGroup-root radioGroup"
          role="radiogroup"
        >
          <label
            class="MuiFormControlLabel-root"
          >
            <span
              aria-disabled="false"
              class="MuiButtonBase-root MuiIconButton-root PrivateSwitchBase-root-1 MuiRadio-root MuiRadio-colorSecondary PrivateSwitchBase-checked-2 Mui-checked MuiIconButton-colorSecondary"
              style="color: rgb(149, 128, 255);"
            >
              <span
                class="MuiIconButton-label"
              >
                <input
                  checked=""
                  class="PrivateSwitchBase-input-4"
                  name="eventFormat"
                  type="radio"
                  value="days+hours"
                />
                <div
                  class="PrivateRadioButtonIcon-root-5 PrivateRadioButtonIcon-checked-7"
                >
                  <svg
                    aria-hidden="true"
                    class="MuiSvgIcon-root"
                    focusable="false"
                    viewBox="0 0 24 24"
                  >
                    <path
                      d="M12 2C6.48 2 2 6.48 2 12s4.48 10 10 10 10-4.48 10-10S17.52 2 12 2zm0 18c-4.42 0-8-3.58-8-8s3.58-8 8-8 8 3.58 8 8-3.58 8-8 8z"
                    />
                  </svg>
                  <svg
                    aria-hidden="true"
                    class="MuiSvgIcon-root PrivateRadioButtonIcon-layer-6"
                    focusable="false"
                    viewBox="0 0 24 24"
                  >
                    <path
                      d="M8.465 8.465C9.37 7.56 10.62 7 12 7C14.76 7 17 9.24 17 12C17 13.38 16.44 14.63 15.535 15.535C14.63 16.44 13.38 17 12 17C9.24 17 7 14.76 7 12C7 10.62 7.56 9.37 8.465 8.465Z"
                    />
                  </svg>
                </div>
              </span>
              <span
                class="MuiTouchRipple-root"
              />
            </span>
            <span
              class="MuiTypography-root MuiFormControlLabel-label MuiTypography-body1"
            >
              Days and Hours
            </span>
          </label>
          <label
            class="MuiFormControlLabel-root"
          >
            <span
              aria-disabled="false"
              class="MuiButtonBase-root MuiIconButton-root PrivateSwitchBase-root-1 MuiRadio-root MuiRadio-colorSecondary MuiIconButton-colorSecondary"
              style="color: rgb(149, 128, 255);"
            >
              <span
                class="MuiIconButton-label"
              >
                <input
                  class="PrivateSwitchBase-input-4"
                  name="eventFormat"
                  type="radio"
                  value="days"
                />
                <div
                  class="PrivateRadioButtonIcon-root-5"
                >
                  <svg
                    aria-hidden="true"
                    class="MuiSvgIcon-root"
                    focusable="false"
                    viewBox="0 0 24 24"
                  >
                    <path
                      d="M12 2C6.48 2 2 6.48 2 12s4.48 10 10 10 10-4.48 10-10S17.52 2 12 2zm0 18c-4.42 0-8-3.58-8-8s3.58-8 8-8 8 3.58 8 8-3.58 8-8 8z"
                    />
                  </svg>
                  <svg
                    aria-hidden="true"
                    class="MuiSvgIcon-root PrivateRadioButtonIcon-layer-6"
                    focusable="false"
                    viewBox="0 0 24 24"
                  >
                    <path
                      d="M8.465 8.465C9.37 7.56 10.62 7 12 7C14.76 7 17 9.24 17 12C17 13.38 16.44 14.63 15.535 15.535C14.63 16.44 13.38 17 12 17C9.24 17 7 14.76 7 12C7 10.62 7.56 9.37 8.465 8.465Z"
                    />
                  </svg>
                </div>
              </span>
              <span
                class="MuiTouchRipple-root"
              />
            </span>
            <span
              class="MuiTypography-root MuiFormControlLabel-label MuiTypography-body1"
            >
              Days
            </span>
          </label>
        </div>
        <button
          type="submit"
        >
          Submit
        </button>
      </form>
    </div>
  </div>
</DocumentFragment>
`;

exports[`Sidebar matches snapshot - with sidebar opened - WidgetsList 1`] = `
<DocumentFragment>
  <div
    class="sidebar isSidebarOpen"
  >
    <div
      class="sidebarCloseIcon"
      data-testid="close-sidebar"
    >
      <svg
        fill="none"
        height="16"
        stroke="currentColor"
        stroke-linecap="round"
        stroke-linejoin="round"
        stroke-width="2"
        viewBox="0 0 24 24"
        width="16"
        xmlns="http://www.w3.org/2000/svg"
      >
        <line
          x1="18"
          x2="6"
          y1="6"
          y2="18"
        />
        <line
          x1="6"
          x2="18"
          y1="6"
          y2="18"
        />
      </svg>
    </div>
    <div
      class="sidebarInnerContainer sidebarInnerContainerOpen"
    >
      <div
        class="widgetsList"
      >
        <h2
          class="widgetsListTitle"
        >
          New widget
        </h2>
        <p
          class="widgetsListSubtitle"
        >
          Select a widget from the list below
        </p>
        <div
          class="widgetsListItem"
          data-testid="countdown"
        >
          <svg
            aria-hidden="true"
            class="MuiSvgIcon-root MuiSvgIcon-fontSizeSmall"
            focusable="false"
            viewBox="0 0 24 24"
          >
            <path
              d="M6 2v6h.01L6 8.01 10 12l-4 4 .01.01H6V22h12v-5.99h-.01L18 16l-4-4 4-3.99-.01-.01H18V2H6zm10 14.5V20H8v-3.5l4-4 4 4zm-4-5l-4-4V4h8v3.5l-4 4z"
            />
          </svg>
          <span>
            Countdown
          </span>
        </div>
        <div
          class="widgetsListItem widgetsListItemUpcoming"
          data-testid="weather"
        >
          <svg
            aria-hidden="true"
            class="MuiSvgIcon-root MuiSvgIcon-fontSizeSmall"
            focusable="false"
            viewBox="0 0 24 24"
          >
            <path
              d="M6.76 4.84l-1.8-1.79-1.41 1.41 1.79 1.79zM1 10.5h3v2H1zM11 .55h2V3.5h-2zm8.04 2.495l1.408 1.407-1.79 1.79-1.407-1.408zm-1.8 15.115l1.79 1.8 1.41-1.41-1.8-1.79zM20 10.5h3v2h-3zm-8-5c-3.31 0-6 2.69-6 6s2.69 6 6 6 6-2.69 6-6-2.69-6-6-6zm0 10c-2.21 0-4-1.79-4-4s1.79-4 4-4 4 1.79 4 4-1.79 4-4 4zm-1 4h2v2.95h-2zm-7.45-.96l1.41 1.41 1.79-1.8-1.41-1.41z"
            />
          </svg>
          <span>
            Weather
          </span>
          <span
            class="widgetsListItemUpcomingTitle"
          >
            Upcoming!
          </span>
        </div>
        <div
          class="widgetsListItemHidden"
          data-testid="timezone"
        >
          <svg
            aria-hidden="true"
            class="MuiSvgIcon-root MuiSvgIcon-fontSizeSmall"
            focusable="false"
            viewBox="0 0 24 24"
          >
            <path
              d="M12 2C6.5 2 2 6.5 2 12s4.5 10 10 10 10-4.5 10-10S17.5 2 12 2zm0 18c-4.41 0-8-3.59-8-8s3.59-8 8-8 8 3.59 8 8-3.59 8-8 8zm.5-13H11v6l5.2 3.2.8-1.3-4.5-2.7V7z"
            />
          </svg>
          <span>
            Timezone Converter
          </span>
        </div>
      </div>
    </div>
  </div>
</DocumentFragment>
`;

exports[`Sidebar matches snapshot - with sidebar opened 1`] = `
<DocumentFragment>
  <div
    class="sidebar isSidebarOpen"
  >
    <div
      class="sidebarCloseIcon"
      data-testid="close-sidebar"
    >
      <svg
        fill="none"
        height="16"
        stroke="currentColor"
        stroke-linecap="round"
        stroke-linejoin="round"
        stroke-width="2"
        viewBox="0 0 24 24"
        width="16"
        xmlns="http://www.w3.org/2000/svg"
      >
        <line
          x1="18"
          x2="6"
          y1="6"
          y2="18"
        />
        <line
          x1="6"
          x2="18"
          y1="6"
          y2="18"
        />
      </svg>
    </div>
    <div
      class="sidebarInnerContainer sidebarInnerContainerOpen"
    />
  </div>
</DocumentFragment>
`;
