// Jest Snapshot v1, https://goo.gl/fbAQLP

exports[`Countdown Form Add View matches snapshot 1`] = `
<DocumentFragment>
  <div
    class="backContainer"
    data-testid="go-back"
  >
    <svg
      aria-hidden="true"
      class="MuiSvgIcon-root MuiSvgIcon-fontSizeSmall"
      focusable="false"
      viewBox="0 0 24 24"
    >
      <path
        d="M20 11H7.83l5.59-5.59L12 4l-8 8 8 8 1.41-1.41L7.83 13H20v-2z"
      />
    </svg>
    <span>
      Go Back
    </span>
  </div>
  <h2
    class="title"
  >
    New countdown
  </h2>
  <p
    class="subtitle"
  >
    Add the details for your countdown widget
  </p>
  <form
    autocomplete="off"
  >
    <input
      id="eventName"
      name="eventName"
      placeholder="Event name"
      type="text"
      value=""
    />
    <button
      type="submit"
    >
      Submit
    </button>
  </form>
</DocumentFragment>
`;
